
 RUN  v2.1.9 C:/Users/emrehaskilic/Desktop/AI-Trading-Bot/server

 Γ¥» test/OrchestratorV1CrossMarket.test.ts (5 tests | 3 failed) 31ms
   ├ù OrchestratorV1 - Cross Market Veto > does not block aligned direction (BTC LONG, ETH LONG) 14ms
     ΓåÆ expected 'HOLD' to be 'ENTRY' // Object.is equality
   ├ù OrchestratorV1 - Cross Market Veto > does not block anything if btcBias is NEUTRAL (choppy) 3ms
     ΓåÆ expected 'HOLD' to be 'ENTRY' // Object.is equality
   ├ù OrchestratorV1 - Cross Market Veto > never blocks BTC USDT symbol itself 3ms
     ΓåÆ expected 'HOLD' to be 'ENTRY' // Object.is equality

node.exe : 
ΓÄ»ΓÄ»ΓÄ»ΓÄ»ΓÄ»ΓÄ»ΓÄ» Failed 
Tests 3 ΓÄ»ΓÄ»ΓÄ»ΓÄ»ΓÄ»ΓÄ»ΓÄ»
At line:1 char:1
+ & "C:\Program 
Files\nodejs/node.exe" 
"C:\Program 
Files\nodejs/node_mo ...
+ ~~~~~~~~~~~~~~~~~~~~~~~~~~~~
~~~~~~~~~~~~~~~~~~~~~~~~~~~~~~
~~~~~~~~~~~
    + CategoryInfo          : 
    NotSpecified: (ΓÄ»ΓÄ»ΓÄ»  
  ΓÄ»ΓÄ»...ΓÄ»ΓÄ»ΓÄ»ΓÄ»ΓÄ»:   
 String) [], RemoteExcepti    
on
    + FullyQualifiedErrorId : 
    NativeCommandError
 

 FAIL  test/OrchestratorV1Cros
sMarket.test.ts > 
OrchestratorV1 - Cross Market 
Veto > does not block aligned 
direction (BTC LONG, ETH LONG)
AssertionError: expected 
'HOLD' to be 'ENTRY' // 
Object.is equality

Expected: [32m"ENTRY"[39m
Received: [31m"HOLD"[39m

 Γ¥» test/OrchestratorV1CrossM
arket.test.ts:116:28
    114|         const dec = a
dvanceToEntryCandidate('ETHUSD
T', 'BUY', context);
    115| 
    116|         expect(dec.in
tent).toBe('ENTRY');
       |                      
      ^
    117|         expect(dec.or
ders.length).toBeGreaterThan(0
);
    118|         expect(dec.cr
ossMarketBlockReason).toBeNull
();

ΓÄ»ΓÄ»ΓÄ»ΓÄ»ΓÄ»ΓÄ»ΓÄ»ΓÄ»ΓÄ»ΓÄ»
ΓÄ»ΓÄ»ΓÄ»ΓÄ»ΓÄ»ΓÄ»ΓÄ»ΓÄ»ΓÄ»ΓÄ»
ΓÄ»ΓÄ»ΓÄ»ΓÄ»[1/3]ΓÄ»

 FAIL  test/OrchestratorV1Cros
sMarket.test.ts > 
OrchestratorV1 - Cross Market 
Veto > does not block 
anything if btcBias is 
NEUTRAL (choppy)
AssertionError: expected 
'HOLD' to be 'ENTRY' // 
Object.is equality

Expected: [32m"ENTRY"[39m
Received: [31m"HOLD"[39m

 Γ¥» test/OrchestratorV1CrossM
arket.test.ts:127:29
    125|         const 
contextConflicting = 
createBtcContext(true, false, 
falseΓÇª
    126|         const dec1 = 
advanceToEntryCandidate('ETHUS
DT', 'SELL', contexΓÇª
    127|         expect(dec1.i
ntent).toBe('ENTRY');
       |                      
       ^
    128|         expect(dec1.c
rossMarketBlockReason).toBeNul
l();
    129| 

ΓÄ»ΓÄ»ΓÄ»ΓÄ»ΓÄ»ΓÄ»ΓÄ»ΓÄ»ΓÄ»ΓÄ»
ΓÄ»ΓÄ»ΓÄ»ΓÄ»ΓÄ»ΓÄ»ΓÄ»ΓÄ»ΓÄ»ΓÄ»
ΓÄ»ΓÄ»ΓÄ»ΓÄ»[2/3]ΓÄ»

 FAIL  test/OrchestratorV1Cros
sMarket.test.ts > 
OrchestratorV1 - Cross Market 
Veto > never blocks BTC USDT 
symbol itself
AssertionError: expected 
'HOLD' to be 'ENTRY' // 
Object.is equality

Expected: [32m"ENTRY"[39m
Received: [31m"HOLD"[39m

 Test Files  1 failed (1)
      Tests  3 failed | 2 passed (5)
   Start at  12:02:47
 Γ¥» test/OrchestratorV1CrossM
arket.test.ts:144:28
    142|         const dec = a
dvanceToEntryCandidate('BTCUSD
T', 'SELL', contextΓÇª
    143| 
    144|         expect(dec.in
tent).toBe('ENTRY');
       |                      
      ^
    145|         expect(dec.or
ders.length).toBeGreaterThan(0
);
    146|         expect(dec.cr
ossMarketBlockReason).toBeNull
();

ΓÄ»ΓÄ»ΓÄ»ΓÄ»ΓÄ»ΓÄ»ΓÄ»ΓÄ»ΓÄ»ΓÄ»
ΓÄ»ΓÄ»ΓÄ»ΓÄ»ΓÄ»ΓÄ»ΓÄ»ΓÄ»ΓÄ»ΓÄ»
ΓÄ»ΓÄ»ΓÄ»ΓÄ»[3/3]ΓÄ»

   Duration  2.99s (transform 236ms, setup 334ms, collect 203ms, tests 31ms, environment 1.64s, prepare 255ms)

